  Determining projects to restore...
  All projects are up-to-date for restore.
  UniAcademic.SharedKernel -> C:\Projects\UniAcademicManagement\src\UniAcademic.SharedKernel\bin\Debug\net8.0\UniAcademic.SharedKernel.dll
  UniAcademic.Contracts -> C:\Projects\UniAcademicManagement\src\UniAcademic.Contracts\bin\Debug\net8.0\UniAcademic.Contracts.dll
  UniAcademic.Domain -> C:\Projects\UniAcademicManagement\src\UniAcademic.Domain\bin\Debug\net8.0\UniAcademic.Domain.dll
  UniAcademic.Application -> C:\Projects\UniAcademicManagement\src\UniAcademic.Application\bin\Debug\net8.0\UniAcademic.Application.dll
  UniAcademic.AdminApp -> C:\Projects\UniAcademicManagement\src\UniAcademic.AdminApp\bin\Debug\net8.0-windows\UniAcademic.AdminApp.dll
C:\Projects\UniAcademicManagement\src\UniAcademic.Infrastructure\DependencyInjection.cs(1,28): error CS0234: The type or namespace name 'Configuration' does not exist in the namespace 'Microsoft.Extensions' (are you missing an assembly reference?) [C:\Projects\UniAcademicManagement\src\UniAcademic.Infrastructure\UniAcademic.Infrastructure.csproj]
C:\Projects\UniAcademicManagement\src\UniAcademic.Infrastructure\DependencyInjection.cs(3,17): error CS0234: The type or namespace name 'EntityFrameworkCore' does not exist in the namespace 'Microsoft' (are you missing an assembly reference?) [C:\Projects\UniAcademicManagement\src\UniAcademic.Infrastructure\UniAcademic.Infrastructure.csproj]
C:\Projects\UniAcademicManagement\src\UniAcademic.Infrastructure\DependencyInjection.cs(9,90): error CS0246: The type or namespace name 'IConfiguration' could not be found (are you missing a using directive or an assembly reference?) [C:\Projects\UniAcademicManagement\src\UniAcademic.Infrastructure\UniAcademic.Infrastructure.csproj]

Build FAILED.

C:\Projects\UniAcademicManagement\src\UniAcademic.Infrastructure\DependencyInjection.cs(1,28): error CS0234: The type or namespace name 'Configuration' does not exist in the namespace 'Microsoft.Extensions' (are you missing an assembly reference?) [C:\Projects\UniAcademicManagement\src\UniAcademic.Infrastructure\UniAcademic.Infrastructure.csproj]
C:\Projects\UniAcademicManagement\src\UniAcademic.Infrastructure\DependencyInjection.cs(3,17): error CS0234: The type or namespace name 'EntityFrameworkCore' does not exist in the namespace 'Microsoft' (are you missing an assembly reference?) [C:\Projects\UniAcademicManagement\src\UniAcademic.Infrastructure\UniAcademic.Infrastructure.csproj]
C:\Projects\UniAcademicManagement\src\UniAcademic.Infrastructure\DependencyInjection.cs(9,90): error CS0246: The type or namespace name 'IConfiguration' could not be found (are you missing a using directive or an assembly reference?) [C:\Projects\UniAcademicManagement\src\UniAcademic.Infrastructure\UniAcademic.Infrastructure.csproj]
    0 Warning(s)
    3 Error(s)

Time Elapsed 00:00:00.89
